---
source: src/main.rs
input_file: src/snapshots/write_only/all_inner_properties_write_only.yaml
---
GenerateResult {
    outputs: [
        Output {
            expected_status_code: 200,
            name: "addPet_200.hurl",
            hurl_path: "/pets",
            oas_path: "/pets",
            oas_operation_id: Some(
                "addPet",
            ),
            method: "POST",
            header_parameters: [],
            query_parameters: [],
            asserts: [
                "jsonpath \"$\" isCollection",
                "#jsonpath \"$.B\" isCollection",
            ],
            request_body_parameter: "{\n  \"B\": {\n    \"name\": \"\"\n  },\n  \"name\": \"\"\n}",
        },
    ],
    diagnostics: [],
}
